2026-10-09 04:58:26 START hours=0.5 ffmpeg=<ffmpeg>
2026-10-09 04:58:26 card=AMD Radeon RX 9070 XT driver=32.0.23027.2005
2026-10-09 04:58:27 steady started pid=27060
2026-10-09 04:58:27 decode started pid=27988
2026-10-09 04:58:27 churn #1 av1_amf usage=lowlatency 12M 66s src=src_1440p60_hevc.mp4 pid=20516
2026-10-09 04:59:33 churn #2 hevc_amf usage=ultralowlatency 13M 89s src=src_1080p60_h264.mp4 pid=17940
2026-10-09 05:01:02 churn #3 hevc_amf usage=lowlatency 14M 33s src=src_1080p60_h264.mp4 pid=4960
2026-10-09 05:01:36 churn #4 h264_amf usage=transcoding 13M 45s src=src_1440p60_hevc.mp4 pid=10816
2026-10-09 05:02:22 churn #5 hevc_amf usage=transcoding 16M 80s src=src_1080p60_h264.mp4 pid=21696
2026-10-09 05:03:42 churn #6 h264_amf usage=lowlatency 13M 81s src=src_1440p60_hevc.mp4 pid=8640
2026-10-09 05:05:03 churn #7 av1_amf usage=lowlatency 3M 60s src=src_1080p60_h264.mp4 pid=9076
2026-10-09 05:06:03 churn #8 h264_amf usage=lowlatency 17M 65s src=src_1080p60_h264.mp4 pid=13808
2026-10-09 05:07:09 churn #9 hevc_amf usage=ultralowlatency 7M 90s src=src_1440p60_hevc.mp4 pid=15424
2026-10-09 05:08:40 churn #10 av1_amf usage=ultralowlatency 4M 76s src=src_1440p60_hevc.mp4 pid=6524
2026-10-09 05:09:56 churn #11 hevc_amf usage=lowlatency 15M 16s src=src_1080p60_h264.mp4 pid=11480
2026-10-09 05:10:12 churn #12 h264_amf usage=lowlatency 14M 50s src=src_1440p60_hevc.mp4 pid=1804
2026-10-09 05:11:03 churn #13 hevc_amf usage=lowlatency 16M 26s src=src_1440p60_hevc.mp4 pid=10648
2026-10-09 05:11:29 churn #14 hevc_amf usage=ultralowlatency 3M 85s src=src_1080p60_h264.mp4 pid=14260
2026-10-09 05:12:54 churn #15 av1_amf usage=lowlatency 19M 19s src=src_1080p60_h264.mp4 pid=25304
2026-10-09 05:13:14 churn #16 hevc_amf usage=ultralowlatency 16M 23s src=src_1440p60_hevc.mp4 pid=21880
2026-10-09 05:13:37 churn #17 hevc_amf usage=lowlatency 17M 37s src=src_1440p60_hevc.mp4 pid=28144
2026-10-09 05:14:15 churn #18 hevc_amf usage=lowlatency 3M 52s src=src_1440p60_hevc.mp4 pid=25520
2026-10-09 05:15:07 churn #19 h264_amf usage=transcoding 8M 27s src=src_1080p60_h264.mp4 pid=16364
2026-10-09 05:15:35 churn #20 h264_amf usage=lowlatency 4M 56s src=src_1440p60_hevc.mp4 pid=28952
2026-10-09 05:16:32 churn #21 av1_amf usage=ultralowlatency 5M 85s src=src_1440p60_hevc.mp4 pid=16136
2026-10-09 05:17:57 churn #22 h264_amf usage=lowlatency 14M 56s src=src_1080p60_h264.mp4 pid=25540
2026-10-09 05:18:54 churn #23 h264_amf usage=lowlatency 12M 23s src=src_1080p60_h264.mp4 pid=26172
2026-10-09 05:19:17 churn #24 hevc_amf usage=transcoding 10M 62s src=src_1440p60_hevc.mp4 pid=2476
2026-10-09 05:20:19 churn #25 hevc_amf usage=lowlatency 12M 76s src=src_1080p60_h264.mp4 pid=28416
2026-10-09 05:21:35 churn #26 hevc_amf usage=ultralowlatency 16M 89s src=src_1440p60_hevc.mp4 pid=20864
2026-10-09 05:23:05 churn #27 h264_amf usage=lowlatency 6M 31s src=src_1440p60_hevc.mp4 pid=4312
2026-10-09 05:23:36 churn #28 av1_amf usage=lowlatency 18M 88s src=src_1440p60_hevc.mp4 pid=9096
2026-10-09 05:25:04 churn #29 h264_amf usage=ultralowlatency 11M 38s src=src_1440p60_hevc.mp4 pid=13240
2026-10-09 05:25:43 churn #30 av1_amf usage=transcoding 6M 71s src=src_1440p60_hevc.mp4 pid=20748
2026-10-09 05:26:54 churn #31 hevc_amf usage=lowlatency 11M 22s src=src_1080p60_h264.mp4 pid=2900
2026-10-09 05:27:16 churn #32 hevc_amf usage=transcoding 9M 56s src=src_1080p60_h264.mp4 pid=17004
2026-10-09 05:28:13 churn #33 hevc_amf usage=transcoding 14M 32s src=src_1080p60_h264.mp4 pid=28848
2026-10-09 05:28:26 END after 30 min: churn sessions=33 failures=0 hang=False
