2026-10-09 05:28:57 START hours=1 ffmpeg=<ffmpeg>
2026-10-09 05:28:57 card=AMD Radeon RX 9070 XT driver=32.0.23027.2005
2026-10-09 05:28:57 steady started pid=11936
2026-10-09 05:28:57 decode started pid=28956
2026-10-09 05:28:57 churn #1 hevc_amf usage=ultralowlatency 16M 88s src=src_1440p60_hevc.mp4 pid=9268
2026-10-09 05:30:26 churn #2 av1_amf usage=transcoding 20M 26s src=src_1080p60_h264.mp4 pid=28596
2026-10-09 05:30:52 churn #3 h264_amf usage=transcoding 14M 55s src=src_1080p60_h264.mp4 pid=9344
2026-10-09 05:31:48 churn #4 av1_amf usage=lowlatency 7M 56s src=src_1440p60_hevc.mp4 pid=28024
2026-10-09 05:32:44 churn #5 av1_amf usage=ultralowlatency 5M 34s src=src_1080p60_h264.mp4 pid=29632
2026-10-09 05:33:19 churn #6 h264_amf usage=ultralowlatency 5M 19s src=src_1080p60_h264.mp4 pid=28144
2026-10-09 05:33:38 churn #7 h264_amf usage=ultralowlatency 15M 73s src=src_1080p60_h264.mp4 pid=10488
2026-10-09 05:34:51 churn #8 av1_amf usage=transcoding 11M 20s src=src_1080p60_h264.mp4 pid=29848
2026-10-09 05:35:12 churn #9 hevc_amf usage=transcoding 10M 77s src=src_1080p60_h264.mp4 pid=24896
2026-10-09 05:36:29 churn #10 h264_amf usage=transcoding 7M 73s src=src_1080p60_h264.mp4 pid=19400
2026-10-09 05:37:42 churn #11 h264_amf usage=ultralowlatency 11M 35s src=src_1440p60_hevc.mp4 pid=15928
2026-10-09 05:38:17 churn #12 hevc_amf usage=transcoding 12M 72s src=src_1080p60_h264.mp4 pid=22432
2026-10-09 05:39:29 churn #13 av1_amf usage=transcoding 19M 21s src=src_1440p60_hevc.mp4 pid=25048
2026-10-09 05:39:51 churn #14 h264_amf usage=lowlatency 18M 79s src=src_1440p60_hevc.mp4 pid=4436
2026-10-09 05:41:10 churn #15 h264_amf usage=ultralowlatency 6M 24s src=src_1080p60_h264.mp4 pid=6740
2026-10-09 05:41:34 churn #16 hevc_amf usage=ultralowlatency 8M 17s src=src_1440p60_hevc.mp4 pid=28992
2026-10-09 05:41:51 churn #17 hevc_amf usage=ultralowlatency 9M 88s src=src_1440p60_hevc.mp4 pid=27812
2026-10-09 05:43:20 churn #18 h264_amf usage=lowlatency 10M 23s src=src_1440p60_hevc.mp4 pid=13260
2026-10-09 05:43:43 churn #19 h264_amf usage=lowlatency 16M 21s src=src_1440p60_hevc.mp4 pid=3836
2026-10-09 05:44:04 churn #20 av1_amf usage=transcoding 9M 58s src=src_1080p60_h264.mp4 pid=9628
2026-10-09 05:45:02 churn #21 av1_amf usage=lowlatency 10M 51s src=src_1080p60_h264.mp4 pid=8168
2026-10-09 05:45:54 churn #22 h264_amf usage=ultralowlatency 9M 70s src=src_1440p60_hevc.mp4 pid=11320
2026-10-09 05:47:04 churn #23 av1_amf usage=transcoding 11M 26s src=src_1080p60_h264.mp4 pid=23544
2026-10-09 05:47:31 churn #24 h264_amf usage=ultralowlatency 20M 87s src=src_1440p60_hevc.mp4 pid=21864
2026-10-09 05:48:58 churn #25 h264_amf usage=transcoding 16M 57s src=src_1080p60_h264.mp4 pid=1248
2026-10-09 05:49:56 churn #26 h264_amf usage=lowlatency 5M 34s src=src_1440p60_hevc.mp4 pid=30468
2026-10-09 05:50:30 churn #27 h264_amf usage=transcoding 16M 24s src=src_1440p60_hevc.mp4 pid=13520
2026-10-09 05:50:55 churn #28 hevc_amf usage=ultralowlatency 18M 68s src=src_1080p60_h264.mp4 pid=1724
2026-10-09 05:52:03 churn #29 hevc_amf usage=transcoding 15M 30s src=src_1080p60_h264.mp4 pid=4064
2026-10-09 05:52:33 churn #30 av1_amf usage=ultralowlatency 13M 19s src=src_1080p60_h264.mp4 pid=22436
2026-10-09 05:52:52 churn #31 h264_amf usage=ultralowlatency 9M 47s src=src_1080p60_h264.mp4 pid=5888
2026-10-09 05:53:40 churn #32 hevc_amf usage=ultralowlatency 18M 34s src=src_1080p60_h264.mp4 pid=11604
2026-10-09 05:54:15 churn #33 h264_amf usage=lowlatency 4M 69s src=src_1440p60_hevc.mp4 pid=18776
2026-10-09 05:55:24 churn #34 h264_amf usage=ultralowlatency 9M 61s src=src_1080p60_h264.mp4 pid=18248
2026-10-09 05:56:25 churn #35 h264_amf usage=transcoding 7M 54s src=src_1440p60_hevc.mp4 pid=22436
2026-10-09 05:57:19 churn #36 av1_amf usage=lowlatency 12M 71s src=src_1080p60_h264.mp4 pid=27124
2026-10-09 05:58:31 churn #37 hevc_amf usage=ultralowlatency 3M 24s src=src_1440p60_hevc.mp4 pid=13128
2026-10-09 05:58:55 churn #38 h264_amf usage=transcoding 8M 74s src=src_1080p60_h264.mp4 pid=20776
2026-10-09 06:00:09 churn #39 hevc_amf usage=transcoding 14M 61s src=src_1440p60_hevc.mp4 pid=29324
2026-10-09 06:01:11 churn #40 h264_amf usage=ultralowlatency 20M 83s src=src_1080p60_h264.mp4 pid=2240
2026-10-09 06:02:34 churn #41 av1_amf usage=transcoding 20M 79s src=src_1440p60_hevc.mp4 pid=432
2026-10-09 06:03:53 churn #42 av1_amf usage=lowlatency 18M 70s src=src_1440p60_hevc.mp4 pid=24016
2026-10-09 06:05:03 churn #43 h264_amf usage=transcoding 5M 83s src=src_1440p60_hevc.mp4 pid=19788
2026-10-09 06:06:27 churn #44 h264_amf usage=lowlatency 20M 63s src=src_1440p60_hevc.mp4 pid=25644
2026-10-09 06:07:30 churn #45 av1_amf usage=transcoding 13M 90s src=src_1080p60_h264.mp4 pid=10624
2026-10-09 06:09:00 churn #46 av1_amf usage=ultralowlatency 14M 32s src=src_1080p60_h264.mp4 pid=6992
2026-10-09 06:09:32 churn #47 av1_amf usage=ultralowlatency 14M 76s src=src_1080p60_h264.mp4 pid=24160
2026-10-09 06:10:49 churn #48 av1_amf usage=lowlatency 6M 41s src=src_1440p60_hevc.mp4 pid=5376
2026-10-09 06:11:30 churn #49 av1_amf usage=transcoding 13M 56s src=src_1080p60_h264.mp4 pid=12408
2026-10-09 06:12:27 churn #50 h264_amf usage=transcoding 16M 49s src=src_1080p60_h264.mp4 pid=28568
2026-10-09 06:13:17 churn #51 h264_amf usage=transcoding 8M 90s src=src_1080p60_h264.mp4 pid=28884
2026-10-09 06:14:47 churn #52 h264_amf usage=transcoding 20M 19s src=src_1080p60_h264.mp4 pid=4000
2026-10-09 06:15:06 churn #53 av1_amf usage=lowlatency 14M 85s src=src_1080p60_h264.mp4 pid=9624
2026-10-09 06:16:32 churn #54 hevc_amf usage=ultralowlatency 8M 16s src=src_1080p60_h264.mp4 pid=8292
2026-10-09 06:16:48 churn #55 h264_amf usage=lowlatency 13M 76s src=src_1080p60_h264.mp4 pid=9304
2026-10-09 06:18:04 churn #56 hevc_amf usage=lowlatency 3M 79s src=src_1440p60_hevc.mp4 pid=19512
2026-10-09 06:19:23 churn #57 h264_amf usage=transcoding 6M 25s src=src_1080p60_h264.mp4 pid=18268
2026-10-09 06:19:49 churn #58 hevc_amf usage=transcoding 14M 55s src=src_1080p60_h264.mp4 pid=26640
2026-10-09 06:20:45 churn #59 hevc_amf usage=ultralowlatency 5M 46s src=src_1080p60_h264.mp4 pid=13548
2026-10-09 06:21:31 churn #60 hevc_amf usage=lowlatency 14M 20s src=src_1440p60_hevc.mp4 pid=4260
2026-10-09 06:21:52 churn #61 h264_amf usage=transcoding 15M 45s src=src_1080p60_h264.mp4 pid=11560
2026-10-09 06:22:37 churn #62 av1_amf usage=lowlatency 12M 54s src=src_1440p60_hevc.mp4 pid=28276
2026-10-09 06:23:32 churn #63 av1_amf usage=ultralowlatency 5M 77s src=src_1080p60_h264.mp4 pid=26632
2026-10-09 06:24:49 churn #64 hevc_amf usage=ultralowlatency 11M 54s src=src_1080p60_h264.mp4 pid=7868
2026-10-09 06:25:44 churn #65 h264_amf usage=ultralowlatency 16M 52s src=src_1440p60_hevc.mp4 pid=25124
2026-10-09 06:26:37 churn #66 h264_amf usage=lowlatency 6M 27s src=src_1080p60_h264.mp4 pid=17944
2026-10-09 06:27:04 churn #67 hevc_amf usage=transcoding 19M 65s src=src_1440p60_hevc.mp4 pid=30708
2026-10-09 06:28:09 churn #68 av1_amf usage=transcoding 17M 34s src=src_1440p60_hevc.mp4 pid=4360
2026-10-09 06:28:44 churn #69 h264_amf usage=transcoding 5M 56s src=src_1440p60_hevc.mp4 pid=11584
2026-10-09 06:28:57 END after 60 min: churn sessions=69 failures=0 hang=False
